---
source: apps/via/tests/help_surface.rs
expression: "long_help(&[\"config\"])"
---
Show or edit config.env

Usage: via config [COMMAND]

Commands:
  show  Show the effective Realtime model (prints no credentials)
  set   Update the Realtime model in config.env

Options:
  -h, --help
          Print help
