---
source: crates/via-conformance/tests/coverage.rs
expression: "lines.join(\"\\n\")"
---
apps/via  env-var/gateway child spawn environment
apps/via  env-var/service environment block
apps/via  file-path/service log paths
apps/via  file-path/service metadata sidecar
apps/via  file-path/systemd unit
apps/via  state-name/GATEWAY_SERVICE_LABEL
via-acp  error-code/OpenClaw retry discriminator
via-acp  error-code/session config / model enforcement errors
via-acp  json-field/describe() backend descriptor
via-acp  ws-event/OpenClaw RPC methods
via-acp  ws-event/OpenClaw connect handshake
via-app  default-value/MarkdownContextStore document limits
via-app  default-value/gateway origin validation rule
via-app  file-path/DEFAULT_GATEWAY_ENTRY
via-app  state-name/composition root injection points
via-backends  default-value/skills CLI invocation
via-backends  env-var/${QWEN_AUDIO_AGENT_OPENCLAW_MODEL_ID}
via-backends  env-var/${QWEN_AUDIO_AGENT_OPENCLAW_MODEL}
via-backends  env-var/OPENCODE_* contract
via-backends  env-var/QWEN_AUDIO_AGENT_PREPARE
via-backends  file-path/OpenClaw runtime layout
via-backends  file-path/openclaw.json5 materialised path
via-backends  file-path/skills.sh lockfile and installer skill directories
via-backends  tool-name/skills.sh passthrough argv
via-voice  error-code/tool result error_code vocabulary
via-voice  json-field/connect event fields (client -> server)
via-voice  json-field/conversation record ids written from the voice path
via-voice  json-field/non-error status vocabulary
via-voice  json-field/tool result status vocabulary
via-voice  ws-event/audio.delta / audio.done / transcript.* / timeline.inline / response.* payloads
via-voice  ws-event/voice.connection / voice.ready / voice.sleep / voice.ownership / voice.deactivated payloads
